# Exclusion Nextcloud — ce dossier ne doit PAS être synchronisé par le client.
#
# POURQUOI (2026-09-10) : ce dossier est un dépôt git, et git assure DÉJÀ le
# transport entre les machines, via github.com/Belenos-Toutatis/plan-de-classe.
# Laisser Nextcloud recopier les mêmes fichiers en parallèle, c'est confier le
# même transport à deux mécanismes qui ne savent rien l'un de l'autre.
#
# CE N'EST PAS THÉORIQUE — ça s'est produit ici trois fois :
#   1. une copie de conflit Nextcloud a été COMMITÉE par erreur, d'où la règle
#      `*.sync-conflict-*` du .gitignore (commit e4798e6) ;
#   2. le 2026-06-19 entre 17h15 et 17h21, cinq fichiers INTERNES de git sont
#      entrés en conflit — .git/index, COMMIT_EDITMSG, logs/HEAD,
#      logs/refs/heads/main, logs/refs/remotes/origin/main : Nextcloud a livré
#      le .git d'une machine pendant que git écrivait sur l'autre ;
#   3. le même jour, une copie de conflit de « plan de classe.html » lui-même.
#
# Ce jour-là on s'en est tirés : la collision a touché l'index et les JOURNAUX
# de références. Si elle avait touché refs/heads/main ou un fichier d'objet, la
# perte aurait été réelle — et découverte bien plus tard.
#
# Mesuré avant exclusion : 800 entrées de ce projet dans le journal de sync,
# dont 620 DANS .git.
#
# CE QUI N'EST PAS CONCERNÉ : les exports de l'app (plan-classe-*.json) ne
# vivent pas ici — ils ont leur propre dossier Nextcloud, et leur
# synchronisation continue exactement comme avant. Nextcloud reste le bon outil
# pour les DONNÉES, git pour le CODE.
#
# SYNTAXE : un motif par ligne, appliqué à ce dossier et à tout ce qu'il
# contient. Le client lit ce fichier au démarrage — il faut donc le REDÉMARRER
# pour que l'exclusion prenne effet.

# Tout, y compris les fichiers cachés (.git, .gitignore, .claude).
*
.*

# Redondant avec les deux lignes ci-dessus, mais écrit en clair : c'est ce
# répertoire-là qui motive toute l'exclusion.
.git
